../Core/Src/main.c:78:5:main	16	static
../Core/Src/main.c:174:6:SystemClock_Config	88	static
../Core/Src/main.c:221:13:MX_TIM1_Init	32	static
../Core/Src/main.c:267:13:MX_USART1_UART_Init	8	static
../Core/Src/main.c:300:13:MX_USART2_UART_Init	8	static
../Core/Src/main.c:333:13:MX_GPIO_Init	48	static
../Core/Src/main.c:390:6:delay_us	16	static
../Core/Src/main.c:396:6:HAL_UART_RxCpltCallback	40	static
../Core/Src/main.c:420:6:beep	24	static
../Core/Src/main.c:434:6:Error_Handler	4	static,ignoring_inline_asm
