../Core/Src/main.c:77:5:main	16	static
../Core/Src/main.c:171:6:SystemClock_Config	88	static
../Core/Src/main.c:218:13:MX_TIM1_Init	32	static
../Core/Src/main.c:264:13:MX_USART1_UART_Init	8	static
../Core/Src/main.c:297:13:MX_USART2_UART_Init	8	static
../Core/Src/main.c:330:13:MX_GPIO_Init	48	static
../Core/Src/main.c:387:6:delay_us	16	static
../Core/Src/main.c:393:6:HAL_UART_RxCpltCallback	40	static
../Core/Src/main.c:417:6:beep	24	static
../Core/Src/main.c:432:6:Error_Handler	4	static,ignoring_inline_asm
